   Compiling ibcmd-rs v0.4.0 (F:\ibcmd\src\ibcmd-rs-05-dynamic-wave2)
warning: type `config_rows::ConfigRow` is more private than the item `base_indexes_from_rows`
   --> src\mssql_dump\extension\mod.rs:758:1
    |
758 | / pub(crate) fn base_indexes_from_rows(
759 | |     rows: &[super::ConfigRow],
760 | |     source_version: InfobaseConfigSourceVersion,
761 | | ) -> ResolvedIndexes {
    | |____________________^ function `base_indexes_from_rows` is reachable at visibility `pub(crate)`
    |
note: but type `config_rows::ConfigRow` is only usable at visibility `pub(in crate::mssql_dump)`
   --> src\mssql_dump\config_rows.rs:11:1
    |
 11 | pub(super) struct ConfigRow {
    | ^^^^^^^^^^^^^^^^^^^^^^^^^^^
    = note: `#[warn(private_interfaces)]` on by default

warning: method `chain_ids` is never used
   --> src\compiler\bodies\dynamic_list.rs:293:19
    |
151 | impl FieldMap {
    | ------------- method in this implementation
...
293 |     pub(crate) fn chain_ids(&self, path: &ListPath) -> Option<Vec<String>> {
    |                   ^^^^^^^^^
    |
    = note: `#[warn(dead_code)]` (part of `#[warn(unused)]`) on by default

warning: variant `Root` is never constructed
    --> src\metadata_owner_graph.rs:1432:5
     |
1431 | pub(crate) enum OwnerGraphReference {
     |                 ------------------- variant in this enum
1432 |     Root,
     |     ^^^^
     |
     = note: `OwnerGraphReference` has derived impls for the traits `Debug` and `Clone`, but these are intentionally ignored during dead code analysis

warning: variants `ChildUuidSyntax` and `ChildUuidNilUuid` are never constructed
    --> src\metadata_owner_graph.rs:1517:5
     |
1495 | pub(crate) enum OwnerGraphDiagnosticKind {
     |                 ------------------------ variants in this enum
...
1517 |     ChildUuidSyntax,
     |     ^^^^^^^^^^^^^^^
1518 |     ChildUuidNilUuid,
     |     ^^^^^^^^^^^^^^^^
     |
     = note: `OwnerGraphDiagnosticKind` has derived impls for the traits `Debug` and `Clone`, but these are intentionally ignored during dead code analysis

warning: constant `FORM_COMMAND_CHANGE_UUID` is never used
     --> src\module_blob.rs:17476:7
      |
17476 | const FORM_COMMAND_CHANGE_UUID: &str = "6886601d-276c-4d3f-af0a-05c586025608";
      |       ^^^^^^^^^^^^^^^^^^^^^^^^

warning: constant `FORM_COMMAND_COPY_UUID` is never used
     --> src\module_blob.rs:17477:7
      |
17477 | const FORM_COMMAND_COPY_UUID: &str = "342c531d-dc73-458a-8ac4-6a746916a33b";
      |       ^^^^^^^^^^^^^^^^^^^^^^

warning: constant `FORM_COMMAND_CREATE_UUID` is never used
     --> src\module_blob.rs:17478:7
      |
17478 | const FORM_COMMAND_CREATE_UUID: &str = "4f834c38-add1-45e4-a9f3-cefe3efac5c9";
      |       ^^^^^^^^^^^^^^^^^^^^^^^^

warning: constant `FORM_COMMAND_CUSTOMIZE_FORM_UUID` is never used
     --> src\module_blob.rs:17479:7
      |
17479 | const FORM_COMMAND_CUSTOMIZE_FORM_UUID: &str = "198ea630-fda2-4cda-8a23-f999f4c67ee6";
      |       ^^^^^^^^^^^^^^^^^^^^^^^^^^^^^^^^

warning: fields `compared` and `identical` are never read
   --> src\mssql\delta_stage.rs:106:9
    |
104 | pub(super) struct DeltaStats {
    |                   ---------- fields in this struct
105 |     /// Files of the tree the target's export compared with, and of them the ones it reproduces.
106 |     pub compared: usize,
    |         ^^^^^^^^
107 |     pub identical: usize,
    |         ^^^^^^^^^
    |
    = note: `DeltaStats` has derived impls for the traits `Clone` and `Debug`, but these are intentionally ignored during dead code analysis

warning: function `format_exchange_plan_content_xml` is never used
    --> src\mssql_dump\mod.rs:8258:4
     |
8258 | fn format_exchange_plan_content_xml(items: &[ExchangePlanContentItem]) -> String {
     |    ^^^^^^^^^^^^^^^^^^^^^^^^^^^^^^^^

warning: associated function `from_base64` is never used
  --> src\mssql_dump\cas.rs:80:8
   |
66 | impl CasHash {
   | ------------ associated function in this implementation
...
80 |     fn from_base64(value: &str) -> std::result::Result<Self, CasGraphError> {
   |        ^^^^^^^^^^^

warning: function `parse_count` is never used
   --> src\mssql_dump\cas.rs:763:4
    |
763 | fn parse_count(value: &str) -> std::result::Result<usize, CasGraphError> {
    |    ^^^^^^^^^^^

warning: function `parse_quoted_string` is never used
   --> src\mssql_dump\cas.rs:775:4
    |
775 | fn parse_quoted_string(value: &str) -> Option<String> {
    |    ^^^^^^^^^^^^^^^^^^^

warning: method `len` is never used
   --> src\mssql_dump\extension\mod.rs:538:19
    |
438 | impl ExtensionContext {
    | --------------------- method in this implementation
...
538 |     pub(crate) fn len(&self) -> usize {
    |                   ^^^

warning: variant `Hidden` is never constructed
  --> src\mssql_dump\extension\properties.rs:30:5
   |
15 | pub(crate) enum Meaning {
   |                 ------- variant in this enum
...
30 |     Hidden(&'static str),
   |     ^^^^^^
   |
   = note: `Meaning` has derived impls for the traits `Debug` and `Clone`, but these are intentionally ignored during dead code analysis

warning: methods `diagnostic_code` and `diagnostic_reason` are never used
    --> src\mssql_dump\form_body.rs:2139:19
     |
2136 | impl FormSchemaWriteError {
     | ------------------------- methods in this implementation
...
2139 |     pub(super) fn diagnostic_code(&self) -> &'static str {
     |                   ^^^^^^^^^^^^^^^
...
2170 |     pub(super) fn diagnostic_reason(&self) -> &'static str {
     |                   ^^^^^^^^^^^^^^^^^

warning: function `form_root_child_items_tail_start_for` is never used
     --> src\mssql_dump\form_body.rs:12394:4
      |
12394 | fn form_root_child_items_tail_start_for(
      |    ^^^^^^^^^^^^^^^^^^^^^^^^^^^^^^^^^^^^

warning: fields `information_register_field_refs` and `form_owner_reference` are never read
     --> src\mssql_dump\form_body.rs:29579:5
      |
29576 | pub(super) struct FormCommandInterfaceParseContext<'a> {
      |                   -------------------------------- fields in this struct
...
29579 |     information_register_field_refs: &'a InformationRegisterFieldReferenceIndex,
      |     ^^^^^^^^^^^^^^^^^^^^^^^^^^^^^^^
29580 |     information_register_master_dimensions: &'a InformationRegisterMasterDimensionIndex,
29581 |     form_owner_reference: Option<&'a str>,
      |     ^^^^^^^^^^^^^^^^^^^^

warning: function `resolve_information_register_field_reference` is never used
     --> src\mssql_dump\form_body.rs:30348:15
      |
30348 | pub(super) fn resolve_information_register_field_reference<'a>(
      |               ^^^^^^^^^^^^^^^^^^^^^^^^^^^^^^^^^^^^^^^^^^^^

warning: function `parse_and_render_form_gantt_chart_settings_for_test` is never used
     --> src\mssql_dump\form_body.rs:38152:15
      |
38152 | pub(super) fn parse_and_render_form_gantt_chart_settings_for_test(text: &str) -> Option<String> {
      |               ^^^^^^^^^^^^^^^^^^^^^^^^^^^^^^^^^^^^^^^^^^^^^^^^^^^

warning: `ibcmd-rs` (lib test) generated 20 warnings
    Finished `test` profile [unoptimized + debuginfo] target(s) in 51.10s
     Running unittests src\lib.rs (target\debug\deps\ibcmd_rs-a63d78f7957f3bf5.exe)

running 133 tests
test cli::tests::parses_calculation_register_stage_command ... ok
test cli::tests::parses_accounting_register_stage_command ... ok
test cli::tests::parses_business_process_stage_command ... ok
test cli::tests::parses_accumulation_register_stage_command ... ok
test cli::tests::parses_catalog_stage_command ... ok
test cli::tests::parses_chart_of_calculation_registers_stage_command ... ok
test cli::tests::parses_chart_of_accounts_stage_command ... ok
test cli::tests::parses_chart_of_calculation_types_stage_command ... ok
test cli::tests::parses_chart_of_characteristic_types_stage_command ... ok
test cli::tests::parses_command_group_stage_command ... ok
test cli::tests::parses_common_command_stage_command ... ok
test cli::tests::parses_common_attribute_stage_command ... ok
test cli::tests::parses_common_form_stage_command ... ok
test cli::tests::parses_common_picture_stage_command ... ok
test cli::tests::parses_common_template_stage_command ... ok
test cli::tests::parses_constant_stage_command ... ok
test cli::tests::parses_data_processor_stage_command ... ok
test cli::tests::parses_defined_type_stage_command ... ok
test cli::tests::parses_document_journal_stage_command ... ok
test cli::tests::parses_document_stage_command ... ok
test cli::tests::parses_enum_stage_command ... ok
test cli::tests::parses_event_subscription_stage_command ... ok
test cli::tests::parses_exchange_plan_stage_command ... ok
test cli::tests::parses_filter_criteria_stage_command ... ok
test cli::tests::parses_functional_option_stage_command ... ok
test cli::tests::parses_functional_options_parameter_stage_command ... ok
test cli::tests::parses_http_service_stage_command ... ok
test cli::tests::parses_language_stage_command ... ok
test cli::tests::parses_information_register_stage_command ... ok
test cli::tests::parses_mssql_stage_common_module_object_with_sql_auth ... ok
test cli::tests::parses_mssql_stage_source_objects_with_sql_auth ... ok
test cli::tests::parses_report_stage_command ... ok
test cli::tests::parses_mssql_stage_metadata_objects_with_sql_auth ... ok
test cli::tests::parses_session_parameter_stage_command ... ok
test cli::tests::parses_scheduled_job_stage_command ... ok
test cli::tests::parses_role_stage_command ... ok
test cli::tests::parses_settings_storage_stage_command ... ok
test cli::tests::parses_style_item_stage_command ... ok
test cli::tests::parses_subsystem_stage_command ... ok
test cli::tests::parses_new_metadata_stage_commands ... ok
test cli::tests::parses_task_stage_command ... ok
test dropin::apply::tests::a_stage_that_is_no_dynamic_update_is_the_native_applys_to_do ... ok
test dropin::apply::tests::the_refusal_for_the_sessions_points_at_force_when_the_stage_would_qualify ... ok
test dropin::apply::tests::the_three_branches_of_a_stage_that_changes_a_descriptor_are_told_apart ... ok
test cli::tests::parses_web_service_stage_command ... ok
test cli::tests::parses_xdto_package_stage_command ... ok
test infobase::tests::builds_import_stage_args_with_sql_auth ... ok
test mssql::stage_guard::tests::a_binary_file_is_compared_to_the_byte ... ok
test mssql::stage_guard::tests::a_changed_value_shows_both_values ... ok
test mssql::stage_guard::tests::a_list_entry_with_an_attribute_is_named_once ... ok
test mssql::stage_guard::tests::a_long_list_of_files_is_cut ... ok
test mssql::stage_guard::tests::a_lost_element_is_named_by_its_path ... ok
test mssql::stage_guard::tests::a_module_is_compared_without_its_line_ends_and_byte_order_mark ... ok
test mssql::stage_guard::tests::a_module_that_differs_names_the_first_line ... ok
test mssql::stage_guard::tests::a_path_prefix_limits_the_comparison ... ok
test mssql::stage_guard::tests::a_removed_list_entry_is_named_not_every_position_that_shifted ... ok
test mssql::stage_guard::tests::a_file_without_a_known_hash_is_read_and_compared ... ok
test mssql::stage_guard::tests::a_reordered_list_says_so ... ok
test mssql::stage_guard::tests::a_single_missing_value_is_named_with_its_value ... ok
test mssql::stage_guard::tests::an_element_only_one_side_has_is_one_difference_not_one_per_value ... ok
test mssql::stage_guard::tests::an_xml_that_does_not_parse_is_a_difference ... ok
test mssql::stage_guard::tests::a_walked_tree_is_hashed_beside_the_export_and_compared ... ok
test mssql::stage_guard::tests::identical_content_is_the_same_file ... ok
test mssql::stage_guard::tests::many_differences_are_counted_beyond_the_listed_ones ... ok
test cli::tests::parses_source_tree_stage_commands ... ok
test mssql::stage_guard::tests::only_a_configurations_own_files_count_when_the_tree_has_more ... ok
test mssql::override_stage::tests::a_descriptor_is_compiled_only_when_it_is_not_the_row_the_stage_would_leave ... ok
test mssql::stage_guard::tests::the_environment_overrides_the_command_line ... ok
test mssql::stage_guard::tests::the_comparer_sorts_out_identical_changed_missing_and_extra_files ... ok
test mssql::stage_guard::tests::the_refusal_lists_the_files_and_says_what_to_do ... ok
test mssql::stage_guard::tests::the_scope_is_the_prefix_folder_and_the_objects_xml_beside_it ... ok
test mssql::stage_guard::tests::the_verbatim_prefix_of_a_windows_path_is_not_shown ... ok
test mssql::stage_guard::tests::xml_that_differs_only_in_formatting_is_the_same_file ... ok
test mssql::tests::a_delta_stage_stages_only_the_rows_whose_source_differs ... ok
test mssql::tests::a_delta_stage_takes_a_common_module_row_by_row ... ok
test mssql::tests::a_patch_stage_prepares_the_objects_of_every_root_folder_but_the_common_modules ... ok
test mssql::tests::builds_common_module_batch_stage_sql_with_expected_row_counts ... ok
test mssql::tests::builds_common_module_batch_stage_sql_with_multiple_modules ... ok
test mssql::tests::builds_common_module_metadata_stage_sql_with_expected_row_counts ... ok
test mssql::tests::builds_common_module_object_stage_sql_with_expected_row_counts ... ok
test mssql::tests::builds_common_module_object_stage_sql_with_multiple_modules ... ok
test mssql::tests::builds_metadata_object_stage_sql_with_body_rows ... ok
test mssql::tests::builds_metadata_object_stage_sql_with_expected_row_counts ... ok
test mssql::stage_guard::tests::new_root_kinds_cannot_bypass_the_guard_when_missing_or_changed ... ok
test mssql::tests::builds_metadata_object_stage_sql_with_multiple_objects ... ok
test mssql::tests::builds_source_tree_stage_sql_with_correct_multi_batch_guards ... ok
test mssql::tests::builds_source_tree_stage_sql_with_metadata_body_rows ... ok
test mssql::tests::builds_source_tree_stage_sql_with_scheduled_job_schedule_body_row ... ok
test mssql::tests::bulk_stage_apply_sql_keeps_the_per_row_guards ... ok
test mssql::tests::closes_a_source_stage_batch_before_its_rows_pass_the_byte_cap ... ok
test mssql::stage_guard::tests::the_folders_of_the_8_5_kinds_are_configuration_files_too ... ok
test mssql::tests::default_source_stage_batches_keep_small_objects_together ... ok
test mssql::tests::defaults_stage_script_path_with_sanitized_parts ... ok
test mssql::tests::reports_source_stage_batch_accounting ... ok
test mssql::tests::reports_source_stage_batch_accounting_across_three_batches ... ok
test mssql::tests::selects_source_tree_stage_candidates ... ok
test mssql_config_apply::check_gate::tests::a_stage_with_no_reason_passes_and_keeps_the_figures ... ok
test mssql::tests::runtime_profile_verification_fails_before_main_stage_read ... ok
test mssql_config_apply::dynamic::tests::the_engine_limits_are_the_refusal_of_a_stage_and_the_rest_a_failure ... ok
test mssql_config_apply::dynamic::tests::the_size_of_the_stage_rules_out_a_whole_tree ... ok
test mssql_config_apply::dynamic::tests::unmeasured_stage_flags_are_refused_before_semantic_reads ... ok
test mssql_config_apply::dynamic_overlay::tests::stage_header_guard_binds_flags_and_dates_even_when_bytes_are_unchanged ... ok
test mssql_config_apply::dynamic::tests::full_stage_header_guard_precedes_even_noop_consumption ... ok
test mssql_config_apply::removals::tests::an_owner_the_stage_does_not_carry_leaves_a_reference_and_refuses ... ok
test mssql_config_apply::removals::tests::the_edit_goes_on_top_of_a_row_another_edit_of_the_same_stage_has_rewritten ... ok
test mssql_config_apply::sqlgen::tests::a_stage_of_body_rows_alone_leaves_the_params_marker ... ok
test mssql::tests::bulk_stage_rows_are_written_in_bcp_native_layout ... ok
test mssql_config_apply::synonyms::tests::an_unchanged_stage_keeps_the_registry_and_its_version_untouched ... ok
test mssql_config_apply::synonyms::tests::a_stage_equal_to_the_physical_base_reverts_the_effective_alias_synonym ... ok
test mssql_config_apply::removals::tests::the_stage_that_removes_an_object_and_stages_rows_of_it_is_contradictory ... ok
test mssql_config_apply::synonyms::tests::nothing_is_rewritten_when_the_registry_says_what_the_stage_says ... ok
test mssql_dump::offline_rows::tests::the_rows_a_stage_deletes_are_not_in_the_state ... ok
test mssql_config_apply::synonyms::tests::the_edit_goes_on_top_of_a_row_another_edit_of_the_same_stage_has_rewritten ... ok
test mssql_dump::tests::characteristics_mutation_matrix_reports_typed_stage_role_and_reason ... ok
test mssql_extension_stage::tests::stage_plan_adds_only_one_generated_configinfo_row ... ok
test mssql_main_activation::tests::f4_a_stage_equal_to_the_ordinary_rows_is_no_noop_when_an_exclusive_promotion_has_to_fold ... ok
test mssql_main_activation::tests::live_noop_stage_cleanup_is_inside_the_master_pending_guard ... ok
test mssql_main_activation::tests::a_consumed_stage_row_is_part_of_the_exact_stage_and_published_nowhere ... ok
test mssql_main_activation::tests::online_noop_consumes_the_exact_stage_without_parity_or_marker_writes ... ok
test mssql_platform_profile::tests::the_pre_stage_query_counts_what_the_gate_counts ... ok
test mssql_main_activation::tests::the_parity_sql_runs_in_the_online_transaction_before_the_stage_is_consumed ... ok
test restructure::caches::tests_change::two_new_catalogs_in_one_stage_are_refused ... ok
test restructure::tests_create::a_stage_that_creates_two_objects_of_one_kind_is_refused ... ok
test restructure::tests_plan::a_partial_stage_is_planned_like_a_whole_one ... ok
test restructure::tests_sections::a_stage_that_removes_and_adds_a_section_is_refused ... ok
test restructure::tests_size_guard::a_one_table_stage_says_table_not_tables ... ok
test restructure::tests_size_guard::a_small_stage_is_within_the_limit ... ok
test restructure::tests_size_guard::an_empty_stage_and_a_missing_table_count_as_nothing ... ok
test restructure::tests_size_guard::the_gate_blocks_a_stage_above_the_limit_and_drops_its_phase ... ok
test source_audit::tests::audits_source_load_coverage_marks_stage_entries_and_uncovered_forms ... ok
test mssql::stage_guard::tests::end_to_end_on_a_small_native_configuration ... ok
test restructure::tests_corpus::corpus_mix_every_operation_in_one_stage_on_six_objects_equals_the_native_result ... ok
test restructure::tests_corpus::corpus_mix_one_large_stage_on_seventeen_objects_equals_the_native_result ... ok

test result: ok. 133 passed; 0 failed; 0 ignored; 0 measured; 3540 filtered out; finished in 24.78s
